{
    "run_output": {
        "content": [
            "bracken_reports_merged.tsv.gz:md5,d116fc06ea955409463686df223ec413",
            "kraken_reports_merged.tsv.gz:md5,5d04e8270bfddc7f435bcc0a76bafbcb",
            "qc_adapter_stats.tsv.gz:md5,fa3f30db6ccfcc22952c5a2981c750b8",
            "qc_basic_stats.tsv.gz:md5,18acc1fc3a7107f7cd2a886e02e2357c",
            "qc_quality_base_stats.tsv.gz:md5,13d5395a6039daa23cb0f059c7dd14b2",
            "qc_quality_sequence_stats.tsv.gz:md5,e4b5747bcb058cab5f48ec116c5e2a03",
            "virus_clade_counts.tsv.gz:md5,1c5712b6d4726908058cd1b5f91ce9f1",
            "virus_hits_db.tsv.gz:md5,5f1f53ac7aba3c241b06e71ce0abf46d",
            "blast_hits_paired.tsv.gz:md5,5b6eb0055bc60be196b2a1b09006f9af",
            "virus_hits_1.fasta.gz:md5,1bb499ee5557f8db2ffa9ddad1481ca3",
            "virus_hits_2.fasta.gz:md5,c7123d3ae68212cf911b90eadf749e28",
            "read_counts.tsv.gz:md5,8dc2e3ad82f42202262a5e67a9d91e1b"
        ],
        "meta": {
            "nf-test": "0.9.2",
            "nextflow": "24.10.3"
        },
        "timestamp": "2025-01-23T22:37:31.839960743"
    }
}