{
    "run_output": {
        "content": [
            "bracken_reports_merged.tsv.gz:md5,d116fc06ea955409463686df223ec413",
            "kraken_reports_merged.tsv.gz:md5,5d04e8270bfddc7f435bcc0a76bafbcb",
            "qc_adapter_stats.tsv.gz:md5,a6441f841e6e1743067f6eb1bb68a3ef",
            "qc_basic_stats.tsv.gz:md5,fd1a20ad7bb06eecaaa9cc51b81efa8d",
            "qc_quality_base_stats.tsv.gz:md5,1e75fe721479280f83d7e2f8c9fa975b",
            "qc_quality_sequence_stats.tsv.gz:md5,0d835c1d9417df961b4aadd7ac42137d",
            "virus_clade_counts.tsv.gz:md5,89f68c2cc7912f37b22745168b2fc7e4",
            "virus_hits_db.tsv.gz:md5,72e692fb3d168dc5199ab97ac4c58426",
            "blast_hits_paired.tsv.gz:md5,6dce9cbf1aa6397a9145c9752aa4c723",
            "virus_hits_1.fasta.gz:md5,941487995f144f88df4c2994f2fc551c",
            "virus_hits_2.fasta.gz:md5,e285ccfb350fed7f0e73e29aaa1f10c1"
        ],
        "meta": {
            "nf-test": "0.9.2",
            "nextflow": "24.10.1"
        },
        "timestamp": "2025-01-10T16:29:00.730413741"
    }
}