{
    "downstream_output": {
        "content": [
            "gs1_duplicate_reads.tsv.gz:md5,3e2753611473e9bc77a036b060d6aca2",
            "gs1_duplicate_stats.tsv.gz:md5,48f655dffa173d1c8b23572ab2039e34",
            "gs1_clade_counts.tsv.gz:md5,e58c1489df2a1dc5df903c916c5c9ee7",
            "gs1_validation_hits.tsv.gz:md5,a13fd039f3874dd313535aae10bc20d2"
        ],
        "meta": {
            "nf-test": "0.9.2",
            "nextflow": "25.04.6"
        },
        "timestamp": "2025-08-06T01:23:29.486947442"
    }
}