{
    "downstream_output": {
        "content": [
            "gs1_duplicate_reads.tsv.gz:md5,d34cc0fd85399328092686d27229c257",
            "gs1_duplicate_stats.tsv.gz:md5,669a3521fb281e42b0fd75f5fec588c9",
            "gs2_duplicate_reads.tsv.gz:md5,adbb57ccf40c8fc71cbf91aa1ec10e0c",
            "gs2_duplicate_stats.tsv.gz:md5,7732e3a166693c40a7ea9993c4238772"
        ],
        "meta": {
            "nf-test": "0.9.2",
            "nextflow": "24.10.4"
        },
        "timestamp": "2025-02-18T16:08:57.3232304"
    }
}