{
    "run_output": {
        "content": [
            "bracken_reports_merged.tsv.gz:md5,b308484cfd7f9808cbb93fb8053c9470",
            "kraken_reports_merged.tsv.gz:md5,a7b5b72d16d4a5bc661480eb70d8441c",
            "merged_blast_filtered.tsv.gz:md5,49ed17c7cde0752434e4a3c3866a9fbf",
            "read_counts.tsv.gz:md5,8dc2e3ad82f42202262a5e67a9d91e1b",
            "subset_qc_adapter_stats.tsv.gz:md5,803dd064fe65e05a7c25553de16d017e",
            "subset_qc_basic_stats.tsv.gz:md5,27d60d42d05d63e505004187e78128b3",
            "subset_qc_length_stats.tsv.gz:md5,2c368af121f75323bbf20d17be6c8210",
            "subset_qc_quality_base_stats.tsv.gz:md5,aa846b54058447ad8696226beedad099",
            "subset_qc_quality_sequence_stats.tsv.gz:md5,b4a66a9a360fe7514e14cc4f919b24a6",
            "virus_hits_filtered.tsv.gz:md5,0e57eaaf38f8605340d2295063c8c7e9"
        ],
        "meta": {
            "nf-test": "0.9.2",
            "nextflow": "24.10.4"
        },
        "timestamp": "2025-01-29T19:27:33.234038988"
    }
}