{
    "run_output_shortread": {
        "content": [
            "tiny_test_bracken.tsv.gz:md5,7fbf9af7ae2074266d5f0be4f1b2a184",
            "tiny_test_fastp.json:md5,75a3980b12d51defa22f85d078c3bbad",
            "tiny_test_kraken.tsv.gz:md5,b92e96228ff584c883f74b6f6e855a60",
            "tiny_test_qc_adapter_stats_cleaned.tsv.gz:md5,d15e65d588573c8ccb2687414e37f905",
            "tiny_test_qc_adapter_stats_raw.tsv.gz:md5,d15e65d588573c8ccb2687414e37f905",
            "tiny_test_qc_basic_stats_cleaned.tsv.gz:md5,ebf796e994bdae153e5e3a2aa0327127",
            "tiny_test_qc_basic_stats_raw.tsv.gz:md5,c12c761a834b794312c590c040b79708",
            "tiny_test_qc_length_stats_cleaned.tsv.gz:md5,405c449a09bee818a90ea1ec71bf2b3d",
            "tiny_test_qc_length_stats_raw.tsv.gz:md5,1f8307bf30d5ba145b1bb7c67b782c1c",
            "tiny_test_qc_overrepresented_cleaned.tsv.gz:md5,627a1fb5fb837590dec10e1f38de23db",
            "tiny_test_qc_overrepresented_raw.tsv.gz:md5,1f4bbeeb87cb9b92efbcd2cfa1905ce3",
            "tiny_test_qc_quality_base_stats_cleaned.tsv.gz:md5,ea717f8daeecfe0c25a4321c32838f4e",
            "tiny_test_qc_quality_base_stats_raw.tsv.gz:md5,942420a24e0b063980cc144d5d52a512",
            "tiny_test_qc_quality_sequence_stats_cleaned.tsv.gz:md5,3d75e2d8664540c1128e0a4e05e00cda",
            "tiny_test_qc_quality_sequence_stats_raw.tsv.gz:md5,008202868ef01468cc04cfb6c570d7ca",
            "tiny_test_read_counts.tsv:md5,c00f00d8a47a87731a969636e6043b15",
            "tiny_test_virus_hits.tsv.gz:md5,301414b3f6db5fbaaec6a9193706d109"
        ],
        "timestamp": "2026-09-10T18:54:56.932122399",
        "meta": {
            "nf-test": "0.9.5",
            "nextflow": "26.04.6"
        }
    },
    "run_output_ont": {
        "content": [
            "tiny_test_bracken.tsv.gz:md5,7fbf9af7ae2074266d5f0be4f1b2a184",
            "tiny_test_kraken.tsv.gz:md5,cce4f37145ef2a1d04ad478078b9c2ea",
            "tiny_test_qc_adapter_stats_cleaned.tsv.gz:md5,d15e65d588573c8ccb2687414e37f905",
            "tiny_test_qc_adapter_stats_raw.tsv.gz:md5,d15e65d588573c8ccb2687414e37f905",
            "tiny_test_qc_basic_stats_cleaned.tsv.gz:md5,9c836e9aee69a3dfb4c80b194cf9086f",
            "tiny_test_qc_basic_stats_raw.tsv.gz:md5,c22e11ca8738b666a8cebc64c350a836",
            "tiny_test_qc_length_stats_cleaned.tsv.gz:md5,3875e7be4512132fd32e88a21340f5e7",
            "tiny_test_qc_length_stats_raw.tsv.gz:md5,3eca948b290c2d35e9bcd1f4f754461a",
            "tiny_test_qc_overrepresented_cleaned.tsv.gz:md5,8e4783abaf9c75ff8fa544a7859f55a3",
            "tiny_test_qc_overrepresented_raw.tsv.gz:md5,1b91c04394bcb317a223315e0229e4af",
            "tiny_test_qc_quality_base_stats_cleaned.tsv.gz:md5,7c4cd6c9cfd08b7e92e4e07abc3f7c96",
            "tiny_test_qc_quality_base_stats_raw.tsv.gz:md5,89a310a8d87f5b5f8dc255b76e86f6de",
            "tiny_test_qc_quality_sequence_stats_cleaned.tsv.gz:md5,302d27954ffdb2089e5d0e4e83c3f1ba",
            "tiny_test_qc_quality_sequence_stats_raw.tsv.gz:md5,cbc4f6e87d79599277eb2baf27db6630",
            "tiny_test_read_counts.tsv:md5,7d44efe7dc906747a465ca537cde237f",
            "tiny_test_virus_hits.tsv.gz:md5,025f933475f6c45dbe4b0a3f7c1c1dd2"
        ],
        "timestamp": "2026-09-10T18:55:52.991594369",
        "meta": {
            "nf-test": "0.9.5",
            "nextflow": "26.04.6"
        }
    }
}